// Jest Snapshot v1, https://goo.gl/fbAQLP

exports[`matches snapshot 1`] = `
<DocumentFragment>
  <div
    class="Snowman"
  >
    <img
      alt="Image 0"
      data-testid="snowmanImage"
      src="0.png"
    />
    <p>
      Number Wrong: 0
    </p>
    <p
      class="Snowman-word"
      data-testid="guessedWord"
    >
      _____
    </p>
    <p
      data-testid="buttons"
    >
      <button
        data-testid="a"
        value="a"
      >
        a
      </button>
      <button
        data-testid="b"
        value="b"
      >
        b
      </button>
      <button
        data-testid="c"
        value="c"
      >
        c
      </button>
      <button
        data-testid="d"
        value="d"
      >
        d
      </button>
      <button
        data-testid="e"
        value="e"
      >
        e
      </button>
      <button
        data-testid="f"
        value="f"
      >
        f
      </button>
      <button
        data-testid="g"
        value="g"
      >
        g
      </button>
      <button
        data-testid="h"
        value="h"
      >
        h
      </button>
      <button
        data-testid="i"
        value="i"
      >
        i
      </button>
      <button
        data-testid="j"
        value="j"
      >
        j
      </button>
      <button
        data-testid="k"
        value="k"
      >
        k
      </button>
      <button
        data-testid="l"
        value="l"
      >
        l
      </button>
      <button
        data-testid="m"
        value="m"
      >
        m
      </button>
      <button
        data-testid="n"
        value="n"
      >
        n
      </button>
      <button
        data-testid="o"
        value="o"
      >
        o
      </button>
      <button
        data-testid="p"
        value="p"
      >
        p
      </button>
      <button
        data-testid="q"
        value="q"
      >
        q
      </button>
      <button
        data-testid="r"
        value="r"
      >
        r
      </button>
      <button
        data-testid="s"
        value="s"
      >
        s
      </button>
      <button
        data-testid="t"
        value="t"
      >
        t
      </button>
      <button
        data-testid="u"
        value="u"
      >
        u
      </button>
      <button
        data-testid="v"
        value="v"
      >
        v
      </button>
      <button
        data-testid="w"
        value="w"
      >
        w
      </button>
      <button
        data-testid="x"
        value="x"
      >
        x
      </button>
      <button
        data-testid="y"
        value="y"
      >
        y
      </button>
      <button
        data-testid="z"
        value="z"
      >
        z
      </button>
    </p>
  </div>
</DocumentFragment>
`;
